// Jest Snapshot v1, https://goo.gl/fbAQLP

exports[`Home Home Snapshot 1`] = `
<div>
  <div
    class="sc-iBPRYJ hoPvIF"
  >
    <h1
      class="sc-fubCfw dgmckB"
    >
      Results
    </h1>
    <div
      class="sc-jSgupP iCxkCv"
    >
      <p
        class="sc-gKsewC gPlKBg"
      >
        There's no results
      </p>
    </div>
    
  </div>
</div>
`;
