// Jest Snapshot v1, https://goo.gl/fbAQLP

exports[`Home Home Snapshot 1`] = `
<div>
  <div
    class="HomeStyled-sc-197bdb0-0 hhdQjV"
  >
    <h1
      class="Title-sc-197bdb0-1 kVCGVh"
    >
      Results
    </h1>
    <div
      class="VideosListStyled-sc-11o1z7z-0 bZFFBb"
    >
      <p
        class="MessageStyled-sc-11o1z7z-1 icPHbH"
      >
        There's no results
      </p>
    </div>
    
  </div>
</div>
`;
