// Jest Snapshot v1, https://goo.gl/fbAQLP

exports[`App testing App Snapshot 1`] = `
<div>
  <header
    class="sc-gsTCUz gYKfBr"
  >
    <div
      class="sc-hKgILt iUgdxt"
    >
      <button
        class="sc-dlfnbm cFMJnB"
      >
        <img
          alt="menu"
          src="menu.svg"
        />
      </button>
      <input
        class="sc-bdfBwQ hYMKcW"
        placeholder="Search"
        type="text"
        value=""
      />
    </div>
    <div
      class="sc-eCssSg kiYOCg"
    >
      <label
        class="sc-gKsewC dyPyEc"
      >
        <input
          type="checkbox"
        />
        <span />
      </label>
      <div
        class="sc-jSgupP dcwTA-d"
      >
        <img
          alt="avatar"
          src="user.svg"
        />
      </div>
    </div>
  </header>
  <main
    class="sc-iBPRYJ gCAkYX"
  >
    <div
      class="sc-bqyKva gDNzQJ"
    >
      <h1
        class="sc-kstrdz enYEiG"
      >
        Results
      </h1>
    </div>
  </main>
</div>
`;
