// Jest Snapshot v1, https://goo.gl/fbAQLP

exports[`Header testing Header Snapshot 1`] = `
<div>
  <header
    class="sc-bdfBwQ gJokXU"
  >
    <div
      class="sc-dlfnbm bhsxjX"
    >
      <button
        class="sc-gsTCUz lndufi"
      >
        <img
          alt="menu"
          src="menu.svg"
        />
      </button>
      <input
        class="sc-hKgILt bERkee"
        placeholder="Search"
        type="text"
      />
    </div>
    <div
      class="sc-eCssSg kiYOCg"
    >
      <label
        class="sc-gKsewC kzdNfg"
      >
        <input
          type="checkbox"
        />
        <span />
      </label>
      <div
        class="sc-jSgupP dcwTA-d"
      >
        <img
          alt="avatar"
          src="user.svg"
        />
      </div>
    </div>
  </header>
</div>
`;
