// Jest Snapshot v1, https://goo.gl/fbAQLP

exports[`Header App Snapshot 1`] = `
<div>
  <header
    class="sc-hKgILt cHVRWu"
  >
    <div
      class="sc-jSgupP fERwWX"
    >
      <button
        class="sc-eCssSg haPxpw"
      >
        <img
          alt="menu"
          src="menu.svg"
        />
      </button>
      <form>
        <input
          class="sc-bdfBwQ hYMKcW"
          placeholder="Search"
          type="text"
          value=""
        />
      </form>
    </div>
    <div
      class="sc-gKsewC FqnSQ"
    >
      <span
        class="sc-dlfnbm elkjzX"
      >
        Dark Mode
      </span>
      <label
        class="sc-gsTCUz fioiWy"
      >
        <input
          type="checkbox"
        />
        <span />
      </label>
      <div
        class="sc-iBPRYJ kOQjMc"
      >
        <img
          alt="avatar"
          src="user.svg"
        />
      </div>
    </div>
  </header>
</div>
`;
